2026-02-05 01:45:49.778605: I tensorflow/core/util/port.cc:113] oneDNN custom operations are on. You may see slightly different numerical results due to floating-point round-off errors from different computation orders. To turn them off, set the environment variable `TF_ENABLE_ONEDNN_OPTS=0`.
2026-02-05 01:45:50.375180: I tensorflow/core/util/port.cc:113] oneDNN custom operations are on. You may see slightly different numerical results due to floating-point round-off errors from different computation orders. To turn them off, set the environment variable `TF_ENABLE_ONEDNN_OPTS=0`.
2026-02-05 01:45:52.603 
  [33m[1mWarning:[0m to view this Streamlit app on a browser, run it with the following
  command:

    streamlit run check_keras.py [ARGUMENTS]
[2026-02-05 01:45:52,604].[INFO].ModelLoader.-.Downloading model from Hugging Face Hub
[2026-02-05 01:45:53,103].[INFO].ModelLoader.-.Loading Tensorflow model
Traceback (most recent call last):
  File "E:\AI_PROJECT\Heart_Murmur_project\myenv\lib\site-packages\keras\src\ops\operation.py", line 208, in from_config
    return cls(**config)
  File "E:\AI_PROJECT\Heart_Murmur_project\myenv\lib\site-packages\keras\src\layers\core\input_layer.py", line 43, in __init__
    raise ValueError("You must pass a `shape` argument.")
ValueError: You must pass a `shape` argument.

During handling of the above exception, another exception occurred:

Traceback (most recent call last):
  File "E:\AI_PROJECT\Heart_Murmur_project\myenv\lib\site-packages\keras\src\saving\serialization_lib.py", line 718, in deserialize_keras_object
    instance = cls.from_config(inner_config)
  File "E:\AI_PROJECT\Heart_Murmur_project\model\model_loader.py", line 36, in patched_input_from_config
    return original_input_from_config(config)
  File "E:\AI_PROJECT\Heart_Murmur_project\myenv\lib\site-packages\keras\src\ops\operation.py", line 210, in from_config
    raise TypeError(
TypeError: Error when deserializing class 'InputLayer' using config={'dtype': 'float32', 'sparse': False, 'ragged': False, 'name': 'input_layer'}.

Exception encountered: You must pass a `shape` argument.

During handling of the above exception, another exception occurred:

Traceback (most recent call last):
  File "E:\AI_PROJECT\Heart_Murmur_project\myenv\lib\site-packages\keras\src\saving\serialization_lib.py", line 718, in deserialize_keras_object
    instance = cls.from_config(inner_config)
  File "E:\AI_PROJECT\Heart_Murmur_project\myenv\lib\site-packages\keras\src\models\sequential.py", line 338, in from_config
    layer = serialization_lib.deserialize_keras_object(
  File "E:\AI_PROJECT\Heart_Murmur_project\myenv\lib\site-packages\keras\src\saving\serialization_lib.py", line 720, in deserialize_keras_object
    raise TypeError(
TypeError: <class 'keras.src.layers.core.input_layer.InputLayer'> could not be deserialized properly. Please ensure that components that are Python object instances (layers, models, etc.) returned by `get_config()` are explicitly deserialized in the model's `from_config()` method.

config={'module': 'keras.layers', 'class_name': 'InputLayer', 'config': {'dtype': 'float32', 'sparse': False, 'ragged': False, 'name': 'input_layer'}, 'registered_name': None}.

Exception encountered: Error when deserializing class 'InputLayer' using config={'dtype': 'float32', 'sparse': False, 'ragged': False, 'name': 'input_layer'}.

Exception encountered: You must pass a `shape` argument.

During handling of the above exception, another exception occurred:

Traceback (most recent call last):
  File "E:\AI_PROJECT\Heart_Murmur_project\model\model_loader.py", line 54, in load_model
    model=keras.models.load_model(model_path, custom_objects={'Orthogonal': Orthogonal})
  File "E:\AI_PROJECT\Heart_Murmur_project\myenv\lib\site-packages\keras\src\saving\saving_api.py", line 176, in load_model
    return saving_lib.load_model(
  File "E:\AI_PROJECT\Heart_Murmur_project\myenv\lib\site-packages\keras\src\saving\saving_lib.py", line 152, in load_model
    return _load_model_from_fileobj(
  File "E:\AI_PROJECT\Heart_Murmur_project\myenv\lib\site-packages\keras\src\saving\saving_lib.py", line 170, in _load_model_from_fileobj
    model = deserialize_keras_object(
  File "E:\AI_PROJECT\Heart_Murmur_project\myenv\lib\site-packages\keras\src\saving\serialization_lib.py", line 720, in deserialize_keras_object
    raise TypeError(
TypeError: <class 'keras.src.models.sequential.Sequential'> could not be deserialized properly. Please ensure that components that are Python object instances (layers, models, etc.) returned by `get_config()` are explicitly deserialized in the model's `from_config()` method.

config={'module': 'keras', 'class_name': 'Sequential', 'config': {'name': 'sequential', 'trainable': True, 'dtype': {'module': 'keras', 'class_name': 'DTypePolicy', 'config': {'name': 'float32'}, 'registered_name': None}, 'layers': [{'module': 'keras.layers', 'class_name': 'InputLayer', 'config': {'dtype': 'float32', 'sparse': False, 'ragged': False, 'name': 'input_layer'}, 'registered_name': None}, {'module': 'keras.layers', 'class_name': 'Conv1D', 'config': {'name': 'conv1d', 'trainable': True, 'dtype': {'module': 'keras', 'class_name': 'DTypePolicy', 'config': {'name': 'float32'}, 'registered_name': None}, 'filters': 1248, 'kernel_size': [3], 'strides': [1], 'padding': 'same', 'data_format': 'channels_last', 'dilation_rate': [1], 'groups': 1, 'activation': 'relu', 'use_bias': True, 'kernel_initializer': {'module': 'keras.initializers', 'class_name': 'GlorotUniform', 'config': {'seed': None}, 'registered_name': None}, 'bias_initializer': {'module': 'keras.initializers', 'class_name': 'Zeros', 'config': {}, 'registered_name': None}, 'kernel_regularizer': None, 'bias_regularizer': None, 'activity_regularizer': None, 'kernel_constraint': None, 'bias_constraint': None}, 'registered_name': None, 'build_config': {'input_shape': [None, 52, 1]}}, {'module': 'keras.layers', 'class_name': 'MaxPooling1D', 'config': {'name': 'max_pooling1d', 'trainable': True, 'dtype': {'module': 'keras', 'class_name': 'DTypePolicy', 'config': {'name': 'float32'}, 'registered_name': None}, 'pool_size': [2], 'padding': 'valid', 'strides': [2], 'data_format': 'channels_last'}, 'registered_name': None}, {'module': 'keras.layers', 'class_name': 'BatchNormalization', 'config': {'name': 'batch_normalization', 'trainable': True, 'dtype': {'module': 'keras', 'class_name': 'DTypePolicy', 'config': {'name': 'float32'}, 'registered_name': None}, 'axis': -1, 'momentum': 0.99, 'epsilon': 0.001, 'center': True, 'scale': True, 'beta_initializer': {'module': 'keras.initializers', 'class_name': 'Zeros', 'config': {}, 'registered_name': None}, 'gamma_initializer': {'module': 'keras.initializers', 'class_name': 'Ones', 'config': {}, 'registered_name': None}, 'moving_mean_initializer': {'module': 'keras.initializers', 'class_name': 'Zeros', 'config': {}, 'registered_name': None}, 'moving_variance_initializer': {'module': 'keras.initializers', 'class_name': 'Ones', 'config': {}, 'registered_name': None}, 'beta_regularizer': None, 'gamma_regularizer': None, 'beta_constraint': None, 'gamma_constraint': None, 'synchronized': False}, 'registered_name': None, 'build_config': {'input_shape': [None, 26, 1248]}}, {'module': 'keras.layers', 'class_name': 'Conv1D', 'config': {'name': 'conv1d_1', 'trainable': True, 'dtype': {'module': 'keras', 'class_name': 'DTypePolicy', 'config': {'name': 'float32'}, 'registered_name': None}, 'filters': 576, 'kernel_size': [5], 'strides': [1], 'padding': 'same', 'data_format': 'channels_last', 'dilation_rate': [1], 'groups': 1, 'activation': 'relu', 'use_bias': True, 'kernel_initializer': {'module': 'keras.initializers', 'class_name': 'GlorotUniform', 'config': {'seed': None}, 'registered_name': None}, 'bias_initializer': {'module': 'keras.initializers', 'class_name': 'Zeros', 'config': {}, 'registered_name': None}, 'kernel_regularizer': None, 'bias_regularizer': None, 'activity_regularizer': None, 'kernel_constraint': None, 'bias_constraint': None}, 'registered_name': None, 'build_config': {'input_shape': [None, 26, 1248]}}, {'module': 'keras.layers', 'class_name': 'MaxPooling1D', 'config': {'name': 'max_pooling1d_1', 'trainable': True, 'dtype': {'module': 'keras', 'class_name': 'DTypePolicy', 'config': {'name': 'float32'}, 'registered_name': None}, 'pool_size': [2], 'padding': 'valid', 'strides': [2], 'data_format': 'channels_last'}, 'registered_name': None}, {'module': 'keras.layers', 'class_name': 'BatchNormalization', 'config': {'name': 'batch_normalization_1', 'trainable': True, 'dtype': {'module': 'keras', 'class_name': 'DTypePolicy', 'config': {'name': 'float32'}, 'registered_name': None}, 'axis': -1, 'momentum': 0.99, 'epsilon': 0.001, 'center': True, 'scale': True, 'beta_initializer': {'module': 'keras.initializers', 'class_name': 'Zeros', 'config': {}, 'registered_name': None}, 'gamma_initializer': {'module': 'keras.initializers', 'class_name': 'Ones', 'config': {}, 'registered_name': None}, 'moving_mean_initializer': {'module': 'keras.initializers', 'class_name': 'Zeros', 'config': {}, 'registered_name': None}, 'moving_variance_initializer': {'module': 'keras.initializers', 'class_name': 'Ones', 'config': {}, 'registered_name': None}, 'beta_regularizer': None, 'gamma_regularizer': None, 'beta_constraint': None, 'gamma_constraint': None, 'synchronized': False}, 'registered_name': None, 'build_config': {'input_shape': [None, 13, 576]}}, {'module': 'keras.layers', 'class_name': 'Conv1D', 'config': {'name': 'conv1d_2', 'trainable': True, 'dtype': {'module': 'keras', 'class_name': 'DTypePolicy', 'config': {'name': 'float32'}, 'registered_name': None}, 'filters': 480, 'kernel_size': [7], 'strides': [1], 'padding': 'same', 'data_format': 'channels_last', 'dilation_rate': [1], 'groups': 1, 'activation': 'relu', 'use_bias': True, 'kernel_initializer': {'module': 'keras.initializers', 'class_name': 'GlorotUniform', 'config': {'seed': None}, 'registered_name': None}, 'bias_initializer': {'module': 'keras.initializers', 'class_name': 'Zeros', 'config': {}, 'registered_name': None}, 'kernel_regularizer': None, 'bias_regularizer': None, 'activity_regularizer': None, 'kernel_constraint': None, 'bias_constraint': None}, 'registered_name': None, 'build_config': {'input_shape': [None, 13, 576]}}, {'module': 'keras.layers', 'class_name': 'MaxPooling1D', 'config': {'name': 'max_pooling1d_2', 'trainable': True, 'dtype': {'module': 'keras', 'class_name': 'DTypePolicy', 'config': {'name': 'float32'}, 'registered_name': None}, 'pool_size': [2], 'padding': 'valid', 'strides': [2], 'data_format': 'channels_last'}, 'registered_name': None}, {'module': 'keras.layers', 'class_name': 'BatchNormalization', 'config': {'name': 'batch_normalization_2', 'trainable': True, 'dtype': {'module': 'keras', 'class_name': 'DTypePolicy', 'config': {'name': 'float32'}, 'registered_name': None}, 'axis': -1, 'momentum': 0.99, 'epsilon': 0.001, 'center': True, 'scale': True, 'beta_initializer': {'module': 'keras.initializers', 'class_name': 'Zeros', 'config': {}, 'registered_name': None}, 'gamma_initializer': {'module': 'keras.initializers', 'class_name': 'Ones', 'config': {}, 'registered_name': None}, 'moving_mean_initializer': {'module': 'keras.initializers', 'class_name': 'Zeros', 'config': {}, 'registered_name': None}, 'moving_variance_initializer': {'module': 'keras.initializers', 'class_name': 'Ones', 'config': {}, 'registered_name': None}, 'beta_regularizer': None, 'gamma_regularizer': None, 'beta_constraint': None, 'gamma_constraint': None, 'synchronized': False}, 'registered_name': None, 'build_config': {'input_shape': [None, 6, 480]}}, {'module': 'keras.layers', 'class_name': 'Conv1D', 'config': {'name': 'conv1d_3', 'trainable': True, 'dtype': {'module': 'keras', 'class_name': 'DTypePolicy', 'config': {'name': 'float32'}, 'registered_name': None}, 'filters': 480, 'kernel_size': [7], 'strides': [1], 'padding': 'same', 'data_format': 'channels_last', 'dilation_rate': [1], 'groups': 1, 'activation': 'relu', 'use_bias': True, 'kernel_initializer': {'module': 'keras.initializers', 'class_name': 'GlorotUniform', 'config': {'seed': None}, 'registered_name': None}, 'bias_initializer': {'module': 'keras.initializers', 'class_name': 'Zeros', 'config': {}, 'registered_name': None}, 'kernel_regularizer': None, 'bias_regularizer': None, 'activity_regularizer': None, 'kernel_constraint': None, 'bias_constraint': None}, 'registered_name': None, 'build_config': {'input_shape': [None, 6, 480]}}, {'module': 'keras.layers', 'class_name': 'MaxPooling1D', 'config': {'name': 'max_pooling1d_3', 'trainable': True, 'dtype': {'module': 'keras', 'class_name': 'DTypePolicy', 'config': {'name': 'float32'}, 'registered_name': None}, 'pool_size': [2], 'padding': 'valid', 'strides': [2], 'data_format': 'channels_last'}, 'registered_name': None}, {'module': 'keras.layers', 'class_name': 'BatchNormalization', 'config': {'name': 'batch_normalization_3', 'trainable': True, 'dtype': {'module': 'keras', 'class_name': 'DTypePolicy', 'config': {'name': 'float32'}, 'registered_name': None}, 'axis': -1, 'momentum': 0.99, 'epsilon': 0.001, 'center': True, 'scale': True, 'beta_initializer': {'module': 'keras.initializers', 'class_name': 'Zeros', 'config': {}, 'registered_name': None}, 'gamma_initializer': {'module': 'keras.initializers', 'class_name': 'Ones', 'config': {}, 'registered_name': None}, 'moving_mean_initializer': {'module': 'keras.initializers', 'class_name': 'Zeros', 'config': {}, 'registered_name': None}, 'moving_variance_initializer': {'module': 'keras.initializers', 'class_name': 'Ones', 'config': {}, 'registered_name': None}, 'beta_regularizer': None, 'gamma_regularizer': None, 'beta_constraint': None, 'gamma_constraint': None, 'synchronized': False}, 'registered_name': None, 'build_config': {'input_shape': [None, 3, 480]}}, {'module': 'keras.layers', 'class_name': 'LSTM', 'config': {'name': 'lstm', 'trainable': True, 'dtype': {'module': 'keras', 'class_name': 'DTypePolicy', 'config': {'name': 'float32'}, 'registered_name': None}, 'return_sequences': False, 'return_state': False, 'go_backwards': False, 'stateful': False, 'unroll': False, 'zero_output_for_mask': False, 'units': 224, 'activation': 'tanh', 'recurrent_activation': 'sigmoid', 'use_bias': True, 'kernel_initializer': {'module': 'keras.initializers', 'class_name': 'GlorotUniform', 'config': {'seed': None}, 'registered_name': None, 'shared_object_id': 2282715961440}, 'recurrent_initializer': {'module': 'keras.initializers', 'class_name': 'Orthogonal', 'config': {'seed': None, 'gain': 1.0}, 'registered_name': None, 'shared_object_id': 2282715797392}, 'bias_initializer': {'module': 'keras.initializers', 'class_name': 'Zeros', 'config': {}, 'registered_name': None, 'shared_object_id': 2282719845168}, 'unit_forget_bias': True, 'kernel_regularizer': None, 'recurrent_regularizer': None, 'bias_regularizer': None, 'activity_regularizer': None, 'kernel_constraint': None, 'recurrent_constraint': None, 'bias_constraint': None, 'dropout': 0.0, 'recurrent_dropout': 0.0, 'seed': None}, 'registered_name': None, 'build_config': {'input_shape': [None, 3, 480]}}, {'module': 'keras.layers', 'class_name': 'Dense', 'config': {'name': 'dense', 'trainable': True, 'dtype': {'module': 'keras', 'class_name': 'DTypePolicy', 'config': {'name': 'float32'}, 'registered_name': None}, 'units': 128, 'activation': 'relu', 'use_bias': True, 'kernel_initializer': {'module': 'keras.initializers', 'class_name': 'GlorotUniform', 'config': {'seed': None}, 'registered_name': None}, 'bias_initializer': {'module': 'keras.initializers', 'class_name': 'Zeros', 'config': {}, 'registered_name': None}, 'kernel_regularizer': None, 'bias_regularizer': None, 'kernel_constraint': None, 'bias_constraint': None, 'quantization_config': None}, 'registered_name': None, 'build_config': {'input_shape': [None, 224]}}, {'module': 'keras.layers', 'class_name': 'Dropout', 'config': {'name': 'dropout', 'trainable': True, 'dtype': {'module': 'keras', 'class_name': 'DTypePolicy', 'config': {'name': 'float32'}, 'registered_name': None}, 'rate': 0.30000000000000004, 'seed': None, 'noise_shape': None}, 'registered_name': None}, {'module': 'keras.layers', 'class_name': 'Dense', 'config': {'name': 'dense_1', 'trainable': True, 'dtype': {'module': 'keras', 'class_name': 'DTypePolicy', 'config': {'name': 'float32'}, 'registered_name': None}, 'units': 3, 'activation': 'softmax', 'use_bias': True, 'kernel_initializer': {'module': 'keras.initializers', 'class_name': 'GlorotUniform', 'config': {'seed': None}, 'registered_name': None}, 'bias_initializer': {'module': 'keras.initializers', 'class_name': 'Zeros', 'config': {}, 'registered_name': None}, 'kernel_regularizer': None, 'bias_regularizer': None, 'kernel_constraint': None, 'bias_constraint': None, 'quantization_config': None}, 'registered_name': None, 'build_config': {'input_shape': [None, 128]}}], 'build_input_shape': [None, 52, 1]}, 'registered_name': None, 'build_config': {'input_shape': [None, 52, 1]}, 'compile_config': {'optimizer': {'module': 'keras.optimizers', 'class_name': 'Adam', 'config': {'name': 'adam', 'learning_rate': 9.999999747378752e-05, 'weight_decay': None, 'clipnorm': None, 'global_clipnorm': None, 'clipvalue': None, 'use_ema': False, 'ema_momentum': 0.99, 'ema_overwrite_frequency': None, 'loss_scale_factor': None, 'gradient_accumulation_steps': None, 'beta_1': 0.9, 'beta_2': 0.999, 'epsilon': 1e-07, 'amsgrad': False}, 'registered_name': None}, 'loss': 'categorical_crossentropy', 'loss_weights': None, 'metrics': ['accuracy'], 'weighted_metrics': None, 'run_eagerly': False, 'steps_per_execution': 1, 'jit_compile': False}}.

Exception encountered: <class 'keras.src.layers.core.input_layer.InputLayer'> could not be deserialized properly. Please ensure that components that are Python object instances (layers, models, etc.) returned by `get_config()` are explicitly deserialized in the model's `from_config()` method.

config={'module': 'keras.layers', 'class_name': 'InputLayer', 'config': {'dtype': 'float32', 'sparse': False, 'ragged': False, 'name': 'input_layer'}, 'registered_name': None}.

Exception encountered: Error when deserializing class 'InputLayer' using config={'dtype': 'float32', 'sparse': False, 'ragged': False, 'name': 'input_layer'}.

Exception encountered: You must pass a `shape` argument.
[2026-02-05 01:45:53,107].[ERROR].ModelLoader.-.Failed to load model
Traceback (most recent call last):
  File "E:\AI_PROJECT\Heart_Murmur_project\myenv\lib\site-packages\keras\src\ops\operation.py", line 208, in from_config
    return cls(**config)
  File "E:\AI_PROJECT\Heart_Murmur_project\myenv\lib\site-packages\keras\src\layers\core\input_layer.py", line 43, in __init__
    raise ValueError("You must pass a `shape` argument.")
ValueError: You must pass a `shape` argument.

During handling of the above exception, another exception occurred:

Traceback (most recent call last):
  File "E:\AI_PROJECT\Heart_Murmur_project\myenv\lib\site-packages\keras\src\saving\serialization_lib.py", line 718, in deserialize_keras_object
    instance = cls.from_config(inner_config)
  File "E:\AI_PROJECT\Heart_Murmur_project\model\model_loader.py", line 36, in patched_input_from_config
    return original_input_from_config(config)
  File "E:\AI_PROJECT\Heart_Murmur_project\myenv\lib\site-packages\keras\src\ops\operation.py", line 210, in from_config
    raise TypeError(
TypeError: Error when deserializing class 'InputLayer' using config={'dtype': 'float32', 'sparse': False, 'ragged': False, 'name': 'input_layer'}.

Exception encountered: You must pass a `shape` argument.

During handling of the above exception, another exception occurred:

Traceback (most recent call last):
  File "E:\AI_PROJECT\Heart_Murmur_project\myenv\lib\site-packages\keras\src\saving\serialization_lib.py", line 718, in deserialize_keras_object
    instance = cls.from_config(inner_config)
  File "E:\AI_PROJECT\Heart_Murmur_project\myenv\lib\site-packages\keras\src\models\sequential.py", line 338, in from_config
    layer = serialization_lib.deserialize_keras_object(
  File "E:\AI_PROJECT\Heart_Murmur_project\myenv\lib\site-packages\keras\src\saving\serialization_lib.py", line 720, in deserialize_keras_object
    raise TypeError(
TypeError: <class 'keras.src.layers.core.input_layer.InputLayer'> could not be deserialized properly. Please ensure that components that are Python object instances (layers, models, etc.) returned by `get_config()` are explicitly deserialized in the model's `from_config()` method.

config={'module': 'keras.layers', 'class_name': 'InputLayer', 'config': {'dtype': 'float32', 'sparse': False, 'ragged': False, 'name': 'input_layer'}, 'registered_name': None}.

Exception encountered: Error when deserializing class 'InputLayer' using config={'dtype': 'float32', 'sparse': False, 'ragged': False, 'name': 'input_layer'}.

Exception encountered: You must pass a `shape` argument.

During handling of the above exception, another exception occurred:

Traceback (most recent call last):
  File "E:\AI_PROJECT\Heart_Murmur_project\model\model_loader.py", line 54, in load_model
    model=keras.models.load_model(model_path, custom_objects={'Orthogonal': Orthogonal})
  File "E:\AI_PROJECT\Heart_Murmur_project\myenv\lib\site-packages\keras\src\saving\saving_api.py", line 176, in load_model
    return saving_lib.load_model(
  File "E:\AI_PROJECT\Heart_Murmur_project\myenv\lib\site-packages\keras\src\saving\saving_lib.py", line 152, in load_model
    return _load_model_from_fileobj(
  File "E:\AI_PROJECT\Heart_Murmur_project\myenv\lib\site-packages\keras\src\saving\saving_lib.py", line 170, in _load_model_from_fileobj
    model = deserialize_keras_object(
  File "E:\AI_PROJECT\Heart_Murmur_project\myenv\lib\site-packages\keras\src\saving\serialization_lib.py", line 720, in deserialize_keras_object
    raise TypeError(
TypeError: <class 'keras.src.models.sequential.Sequential'> could not be deserialized properly. Please ensure that components that are Python object instances (layers, models, etc.) returned by `get_config()` are explicitly deserialized in the model's `from_config()` method.

config={'module': 'keras', 'class_name': 'Sequential', 'config': {'name': 'sequential', 'trainable': True, 'dtype': {'module': 'keras', 'class_name': 'DTypePolicy', 'config': {'name': 'float32'}, 'registered_name': None}, 'layers': [{'module': 'keras.layers', 'class_name': 'InputLayer', 'config': {'dtype': 'float32', 'sparse': False, 'ragged': False, 'name': 'input_layer'}, 'registered_name': None}, {'module': 'keras.layers', 'class_name': 'Conv1D', 'config': {'name': 'conv1d', 'trainable': True, 'dtype': {'module': 'keras', 'class_name': 'DTypePolicy', 'config': {'name': 'float32'}, 'registered_name': None}, 'filters': 1248, 'kernel_size': [3], 'strides': [1], 'padding': 'same', 'data_format': 'channels_last', 'dilation_rate': [1], 'groups': 1, 'activation': 'relu', 'use_bias': True, 'kernel_initializer': {'module': 'keras.initializers', 'class_name': 'GlorotUniform', 'config': {'seed': None}, 'registered_name': None}, 'bias_initializer': {'module': 'keras.initializers', 'class_name': 'Zeros', 'config': {}, 'registered_name': None}, 'kernel_regularizer': None, 'bias_regularizer': None, 'activity_regularizer': None, 'kernel_constraint': None, 'bias_constraint': None}, 'registered_name': None, 'build_config': {'input_shape': [None, 52, 1]}}, {'module': 'keras.layers', 'class_name': 'MaxPooling1D', 'config': {'name': 'max_pooling1d', 'trainable': True, 'dtype': {'module': 'keras', 'class_name': 'DTypePolicy', 'config': {'name': 'float32'}, 'registered_name': None}, 'pool_size': [2], 'padding': 'valid', 'strides': [2], 'data_format': 'channels_last'}, 'registered_name': None}, {'module': 'keras.layers', 'class_name': 'BatchNormalization', 'config': {'name': 'batch_normalization', 'trainable': True, 'dtype': {'module': 'keras', 'class_name': 'DTypePolicy', 'config': {'name': 'float32'}, 'registered_name': None}, 'axis': -1, 'momentum': 0.99, 'epsilon': 0.001, 'center': True, 'scale': True, 'beta_initializer': {'module': 'keras.initializers', 'class_name': 'Zeros', 'config': {}, 'registered_name': None}, 'gamma_initializer': {'module': 'keras.initializers', 'class_name': 'Ones', 'config': {}, 'registered_name': None}, 'moving_mean_initializer': {'module': 'keras.initializers', 'class_name': 'Zeros', 'config': {}, 'registered_name': None}, 'moving_variance_initializer': {'module': 'keras.initializers', 'class_name': 'Ones', 'config': {}, 'registered_name': None}, 'beta_regularizer': None, 'gamma_regularizer': None, 'beta_constraint': None, 'gamma_constraint': None, 'synchronized': False}, 'registered_name': None, 'build_config': {'input_shape': [None, 26, 1248]}}, {'module': 'keras.layers', 'class_name': 'Conv1D', 'config': {'name': 'conv1d_1', 'trainable': True, 'dtype': {'module': 'keras', 'class_name': 'DTypePolicy', 'config': {'name': 'float32'}, 'registered_name': None}, 'filters': 576, 'kernel_size': [5], 'strides': [1], 'padding': 'same', 'data_format': 'channels_last', 'dilation_rate': [1], 'groups': 1, 'activation': 'relu', 'use_bias': True, 'kernel_initializer': {'module': 'keras.initializers', 'class_name': 'GlorotUniform', 'config': {'seed': None}, 'registered_name': None}, 'bias_initializer': {'module': 'keras.initializers', 'class_name': 'Zeros', 'config': {}, 'registered_name': None}, 'kernel_regularizer': None, 'bias_regularizer': None, 'activity_regularizer': None, 'kernel_constraint': None, 'bias_constraint': None}, 'registered_name': None, 'build_config': {'input_shape': [None, 26, 1248]}}, {'module': 'keras.layers', 'class_name': 'MaxPooling1D', 'config': {'name': 'max_pooling1d_1', 'trainable': True, 'dtype': {'module': 'keras', 'class_name': 'DTypePolicy', 'config': {'name': 'float32'}, 'registered_name': None}, 'pool_size': [2], 'padding': 'valid', 'strides': [2], 'data_format': 'channels_last'}, 'registered_name': None}, {'module': 'keras.layers', 'class_name': 'BatchNormalization', 'config': {'name': 'batch_normalization_1', 'trainable': True, 'dtype': {'module': 'keras', 'class_name': 'DTypePolicy', 'config': {'name': 'float32'}, 'registered_name': None}, 'axis': -1, 'momentum': 0.99, 'epsilon': 0.001, 'center': True, 'scale': True, 'beta_initializer': {'module': 'keras.initializers', 'class_name': 'Zeros', 'config': {}, 'registered_name': None}, 'gamma_initializer': {'module': 'keras.initializers', 'class_name': 'Ones', 'config': {}, 'registered_name': None}, 'moving_mean_initializer': {'module': 'keras.initializers', 'class_name': 'Zeros', 'config': {}, 'registered_name': None}, 'moving_variance_initializer': {'module': 'keras.initializers', 'class_name': 'Ones', 'config': {}, 'registered_name': None}, 'beta_regularizer': None, 'gamma_regularizer': None, 'beta_constraint': None, 'gamma_constraint': None, 'synchronized': False}, 'registered_name': None, 'build_config': {'input_shape': [None, 13, 576]}}, {'module': 'keras.layers', 'class_name': 'Conv1D', 'config': {'name': 'conv1d_2', 'trainable': True, 'dtype': {'module': 'keras', 'class_name': 'DTypePolicy', 'config': {'name': 'float32'}, 'registered_name': None}, 'filters': 480, 'kernel_size': [7], 'strides': [1], 'padding': 'same', 'data_format': 'channels_last', 'dilation_rate': [1], 'groups': 1, 'activation': 'relu', 'use_bias': True, 'kernel_initializer': {'module': 'keras.initializers', 'class_name': 'GlorotUniform', 'config': {'seed': None}, 'registered_name': None}, 'bias_initializer': {'module': 'keras.initializers', 'class_name': 'Zeros', 'config': {}, 'registered_name': None}, 'kernel_regularizer': None, 'bias_regularizer': None, 'activity_regularizer': None, 'kernel_constraint': None, 'bias_constraint': None}, 'registered_name': None, 'build_config': {'input_shape': [None, 13, 576]}}, {'module': 'keras.layers', 'class_name': 'MaxPooling1D', 'config': {'name': 'max_pooling1d_2', 'trainable': True, 'dtype': {'module': 'keras', 'class_name': 'DTypePolicy', 'config': {'name': 'float32'}, 'registered_name': None}, 'pool_size': [2], 'padding': 'valid', 'strides': [2], 'data_format': 'channels_last'}, 'registered_name': None}, {'module': 'keras.layers', 'class_name': 'BatchNormalization', 'config': {'name': 'batch_normalization_2', 'trainable': True, 'dtype': {'module': 'keras', 'class_name': 'DTypePolicy', 'config': {'name': 'float32'}, 'registered_name': None}, 'axis': -1, 'momentum': 0.99, 'epsilon': 0.001, 'center': True, 'scale': True, 'beta_initializer': {'module': 'keras.initializers', 'class_name': 'Zeros', 'config': {}, 'registered_name': None}, 'gamma_initializer': {'module': 'keras.initializers', 'class_name': 'Ones', 'config': {}, 'registered_name': None}, 'moving_mean_initializer': {'module': 'keras.initializers', 'class_name': 'Zeros', 'config': {}, 'registered_name': None}, 'moving_variance_initializer': {'module': 'keras.initializers', 'class_name': 'Ones', 'config': {}, 'registered_name': None}, 'beta_regularizer': None, 'gamma_regularizer': None, 'beta_constraint': None, 'gamma_constraint': None, 'synchronized': False}, 'registered_name': None, 'build_config': {'input_shape': [None, 6, 480]}}, {'module': 'keras.layers', 'class_name': 'Conv1D', 'config': {'name': 'conv1d_3', 'trainable': True, 'dtype': {'module': 'keras', 'class_name': 'DTypePolicy', 'config': {'name': 'float32'}, 'registered_name': None}, 'filters': 480, 'kernel_size': [7], 'strides': [1], 'padding': 'same', 'data_format': 'channels_last', 'dilation_rate': [1], 'groups': 1, 'activation': 'relu', 'use_bias': True, 'kernel_initializer': {'module': 'keras.initializers', 'class_name': 'GlorotUniform', 'config': {'seed': None}, 'registered_name': None}, 'bias_initializer': {'module': 'keras.initializers', 'class_name': 'Zeros', 'config': {}, 'registered_name': None}, 'kernel_regularizer': None, 'bias_regularizer': None, 'activity_regularizer': None, 'kernel_constraint': None, 'bias_constraint': None}, 'registered_name': None, 'build_config': {'input_shape': [None, 6, 480]}}, {'module': 'keras.layers', 'class_name': 'MaxPooling1D', 'config': {'name': 'max_pooling1d_3', 'trainable': True, 'dtype': {'module': 'keras', 'class_name': 'DTypePolicy', 'config': {'name': 'float32'}, 'registered_name': None}, 'pool_size': [2], 'padding': 'valid', 'strides': [2], 'data_format': 'channels_last'}, 'registered_name': None}, {'module': 'keras.layers', 'class_name': 'BatchNormalization', 'config': {'name': 'batch_normalization_3', 'trainable': True, 'dtype': {'module': 'keras', 'class_name': 'DTypePolicy', 'config': {'name': 'float32'}, 'registered_name': None}, 'axis': -1, 'momentum': 0.99, 'epsilon': 0.001, 'center': True, 'scale': True, 'beta_initializer': {'module': 'keras.initializers', 'class_name': 'Zeros', 'config': {}, 'registered_name': None}, 'gamma_initializer': {'module': 'keras.initializers', 'class_name': 'Ones', 'config': {}, 'registered_name': None}, 'moving_mean_initializer': {'module': 'keras.initializers', 'class_name': 'Zeros', 'config': {}, 'registered_name': None}, 'moving_variance_initializer': {'module': 'keras.initializers', 'class_name': 'Ones', 'config': {}, 'registered_name': None}, 'beta_regularizer': None, 'gamma_regularizer': None, 'beta_constraint': None, 'gamma_constraint': None, 'synchronized': False}, 'registered_name': None, 'build_config': {'input_shape': [None, 3, 480]}}, {'module': 'keras.layers', 'class_name': 'LSTM', 'config': {'name': 'lstm', 'trainable': True, 'dtype': {'module': 'keras', 'class_name': 'DTypePolicy', 'config': {'name': 'float32'}, 'registered_name': None}, 'return_sequences': False, 'return_state': False, 'go_backwards': False, 'stateful': False, 'unroll': False, 'zero_output_for_mask': False, 'units': 224, 'activation': 'tanh', 'recurrent_activation': 'sigmoid', 'use_bias': True, 'kernel_initializer': {'module': 'keras.initializers', 'class_name': 'GlorotUniform', 'config': {'seed': None}, 'registered_name': None, 'shared_object_id': 2282715961440}, 'recurrent_initializer': {'module': 'keras.initializers', 'class_name': 'Orthogonal', 'config': {'seed': None, 'gain': 1.0}, 'registered_name': None, 'shared_object_id': 2282715797392}, 'bias_initializer': {'module': 'keras.initializers', 'class_name': 'Zeros', 'config': {}, 'registered_name': None, 'shared_object_id': 2282719845168}, 'unit_forget_bias': True, 'kernel_regularizer': None, 'recurrent_regularizer': None, 'bias_regularizer': None, 'activity_regularizer': None, 'kernel_constraint': None, 'recurrent_constraint': None, 'bias_constraint': None, 'dropout': 0.0, 'recurrent_dropout': 0.0, 'seed': None}, 'registered_name': None, 'build_config': {'input_shape': [None, 3, 480]}}, {'module': 'keras.layers', 'class_name': 'Dense', 'config': {'name': 'dense', 'trainable': True, 'dtype': {'module': 'keras', 'class_name': 'DTypePolicy', 'config': {'name': 'float32'}, 'registered_name': None}, 'units': 128, 'activation': 'relu', 'use_bias': True, 'kernel_initializer': {'module': 'keras.initializers', 'class_name': 'GlorotUniform', 'config': {'seed': None}, 'registered_name': None}, 'bias_initializer': {'module': 'keras.initializers', 'class_name': 'Zeros', 'config': {}, 'registered_name': None}, 'kernel_regularizer': None, 'bias_regularizer': None, 'kernel_constraint': None, 'bias_constraint': None, 'quantization_config': None}, 'registered_name': None, 'build_config': {'input_shape': [None, 224]}}, {'module': 'keras.layers', 'class_name': 'Dropout', 'config': {'name': 'dropout', 'trainable': True, 'dtype': {'module': 'keras', 'class_name': 'DTypePolicy', 'config': {'name': 'float32'}, 'registered_name': None}, 'rate': 0.30000000000000004, 'seed': None, 'noise_shape': None}, 'registered_name': None}, {'module': 'keras.layers', 'class_name': 'Dense', 'config': {'name': 'dense_1', 'trainable': True, 'dtype': {'module': 'keras', 'class_name': 'DTypePolicy', 'config': {'name': 'float32'}, 'registered_name': None}, 'units': 3, 'activation': 'softmax', 'use_bias': True, 'kernel_initializer': {'module': 'keras.initializers', 'class_name': 'GlorotUniform', 'config': {'seed': None}, 'registered_name': None}, 'bias_initializer': {'module': 'keras.initializers', 'class_name': 'Zeros', 'config': {}, 'registered_name': None}, 'kernel_regularizer': None, 'bias_regularizer': None, 'kernel_constraint': None, 'bias_constraint': None, 'quantization_config': None}, 'registered_name': None, 'build_config': {'input_shape': [None, 128]}}], 'build_input_shape': [None, 52, 1]}, 'registered_name': None, 'build_config': {'input_shape': [None, 52, 1]}, 'compile_config': {'optimizer': {'module': 'keras.optimizers', 'class_name': 'Adam', 'config': {'name': 'adam', 'learning_rate': 9.999999747378752e-05, 'weight_decay': None, 'clipnorm': None, 'global_clipnorm': None, 'clipvalue': None, 'use_ema': False, 'ema_momentum': 0.99, 'ema_overwrite_frequency': None, 'loss_scale_factor': None, 'gradient_accumulation_steps': None, 'beta_1': 0.9, 'beta_2': 0.999, 'epsilon': 1e-07, 'amsgrad': False}, 'registered_name': None}, 'loss': 'categorical_crossentropy', 'loss_weights': None, 'metrics': ['accuracy'], 'weighted_metrics': None, 'run_eagerly': False, 'steps_per_execution': 1, 'jit_compile': False}}.

Exception encountered: <class 'keras.src.layers.core.input_layer.InputLayer'> could not be deserialized properly. Please ensure that components that are Python object instances (layers, models, etc.) returned by `get_config()` are explicitly deserialized in the model's `from_config()` method.

config={'module': 'keras.layers', 'class_name': 'InputLayer', 'config': {'dtype': 'float32', 'sparse': False, 'ragged': False, 'name': 'input_layer'}, 'registered_name': None}.

Exception encountered: Error when deserializing class 'InputLayer' using config={'dtype': 'float32', 'sparse': False, 'ragged': False, 'name': 'input_layer'}.

Exception encountered: You must pass a `shape` argument.
Traceback (most recent call last):
  File "E:\AI_PROJECT\Heart_Murmur_project\myenv\lib\site-packages\keras\src\ops\operation.py", line 208, in from_config
    return cls(**config)
  File "E:\AI_PROJECT\Heart_Murmur_project\myenv\lib\site-packages\keras\src\layers\core\input_layer.py", line 43, in __init__
    raise ValueError("You must pass a `shape` argument.")
ValueError: You must pass a `shape` argument.

During handling of the above exception, another exception occurred:

Traceback (most recent call last):
  File "E:\AI_PROJECT\Heart_Murmur_project\myenv\lib\site-packages\keras\src\saving\serialization_lib.py", line 718, in deserialize_keras_object
    instance = cls.from_config(inner_config)
  File "E:\AI_PROJECT\Heart_Murmur_project\model\model_loader.py", line 36, in patched_input_from_config
    return original_input_from_config(config)
  File "E:\AI_PROJECT\Heart_Murmur_project\myenv\lib\site-packages\keras\src\ops\operation.py", line 210, in from_config
    raise TypeError(
TypeError: Error when deserializing class 'InputLayer' using config={'dtype': 'float32', 'sparse': False, 'ragged': False, 'name': 'input_layer'}.

Exception encountered: You must pass a `shape` argument.

During handling of the above exception, another exception occurred:

Traceback (most recent call last):
  File "E:\AI_PROJECT\Heart_Murmur_project\myenv\lib\site-packages\keras\src\saving\serialization_lib.py", line 718, in deserialize_keras_object
    instance = cls.from_config(inner_config)
  File "E:\AI_PROJECT\Heart_Murmur_project\myenv\lib\site-packages\keras\src\models\sequential.py", line 338, in from_config
    layer = serialization_lib.deserialize_keras_object(
  File "E:\AI_PROJECT\Heart_Murmur_project\myenv\lib\site-packages\keras\src\saving\serialization_lib.py", line 720, in deserialize_keras_object
    raise TypeError(
TypeError: <class 'keras.src.layers.core.input_layer.InputLayer'> could not be deserialized properly. Please ensure that components that are Python object instances (layers, models, etc.) returned by `get_config()` are explicitly deserialized in the model's `from_config()` method.

config={'module': 'keras.layers', 'class_name': 'InputLayer', 'config': {'dtype': 'float32', 'sparse': False, 'ragged': False, 'name': 'input_layer'}, 'registered_name': None}.

Exception encountered: Error when deserializing class 'InputLayer' using config={'dtype': 'float32', 'sparse': False, 'ragged': False, 'name': 'input_layer'}.

Exception encountered: You must pass a `shape` argument.

During handling of the above exception, another exception occurred:

Traceback (most recent call last):
  File "E:\AI_PROJECT\Heart_Murmur_project\check_keras.py", line 9, in <module>
    m = load_model()
  File "E:\AI_PROJECT\Heart_Murmur_project\myenv\lib\site-packages\streamlit\runtime\caching\cache_utils.py", line 210, in wrapper
    return cached_func(*args, **kwargs)
  File "E:\AI_PROJECT\Heart_Murmur_project\myenv\lib\site-packages\streamlit\runtime\caching\cache_utils.py", line 239, in __call__
    return self._get_or_create_cached_value(args, kwargs)
  File "E:\AI_PROJECT\Heart_Murmur_project\myenv\lib\site-packages\streamlit\runtime\caching\cache_utils.py", line 266, in _get_or_create_cached_value
    return self._handle_cache_miss(cache, value_key, func_args, func_kwargs)
  File "E:\AI_PROJECT\Heart_Murmur_project\myenv\lib\site-packages\streamlit\runtime\caching\cache_utils.py", line 322, in _handle_cache_miss
    computed_value = self._info.func(*func_args, **func_kwargs)
  File "E:\AI_PROJECT\Heart_Murmur_project\model\model_loader.py", line 69, in load_model
    raise e
  File "E:\AI_PROJECT\Heart_Murmur_project\model\model_loader.py", line 54, in load_model
    model=keras.models.load_model(model_path, custom_objects={'Orthogonal': Orthogonal})
  File "E:\AI_PROJECT\Heart_Murmur_project\myenv\lib\site-packages\keras\src\saving\saving_api.py", line 176, in load_model
    return saving_lib.load_model(
  File "E:\AI_PROJECT\Heart_Murmur_project\myenv\lib\site-packages\keras\src\saving\saving_lib.py", line 152, in load_model
    return _load_model_from_fileobj(
  File "E:\AI_PROJECT\Heart_Murmur_project\myenv\lib\site-packages\keras\src\saving\saving_lib.py", line 170, in _load_model_from_fileobj
    model = deserialize_keras_object(
  File "E:\AI_PROJECT\Heart_Murmur_project\myenv\lib\site-packages\keras\src\saving\serialization_lib.py", line 720, in deserialize_keras_object
    raise TypeError(
TypeError: <class 'keras.src.models.sequential.Sequential'> could not be deserialized properly. Please ensure that components that are Python object instances (layers, models, etc.) returned by `get_config()` are explicitly deserialized in the model's `from_config()` method.

config={'module': 'keras', 'class_name': 'Sequential', 'config': {'name': 'sequential', 'trainable': True, 'dtype': {'module': 'keras', 'class_name': 'DTypePolicy', 'config': {'name': 'float32'}, 'registered_name': None}, 'layers': [{'module': 'keras.layers', 'class_name': 'InputLayer', 'config': {'dtype': 'float32', 'sparse': False, 'ragged': False, 'name': 'input_layer'}, 'registered_name': None}, {'module': 'keras.layers', 'class_name': 'Conv1D', 'config': {'name': 'conv1d', 'trainable': True, 'dtype': {'module': 'keras', 'class_name': 'DTypePolicy', 'config': {'name': 'float32'}, 'registered_name': None}, 'filters': 1248, 'kernel_size': [3], 'strides': [1], 'padding': 'same', 'data_format': 'channels_last', 'dilation_rate': [1], 'groups': 1, 'activation': 'relu', 'use_bias': True, 'kernel_initializer': {'module': 'keras.initializers', 'class_name': 'GlorotUniform', 'config': {'seed': None}, 'registered_name': None}, 'bias_initializer': {'module': 'keras.initializers', 'class_name': 'Zeros', 'config': {}, 'registered_name': None}, 'kernel_regularizer': None, 'bias_regularizer': None, 'activity_regularizer': None, 'kernel_constraint': None, 'bias_constraint': None}, 'registered_name': None, 'build_config': {'input_shape': [None, 52, 1]}}, {'module': 'keras.layers', 'class_name': 'MaxPooling1D', 'config': {'name': 'max_pooling1d', 'trainable': True, 'dtype': {'module': 'keras', 'class_name': 'DTypePolicy', 'config': {'name': 'float32'}, 'registered_name': None}, 'pool_size': [2], 'padding': 'valid', 'strides': [2], 'data_format': 'channels_last'}, 'registered_name': None}, {'module': 'keras.layers', 'class_name': 'BatchNormalization', 'config': {'name': 'batch_normalization', 'trainable': True, 'dtype': {'module': 'keras', 'class_name': 'DTypePolicy', 'config': {'name': 'float32'}, 'registered_name': None}, 'axis': -1, 'momentum': 0.99, 'epsilon': 0.001, 'center': True, 'scale': True, 'beta_initializer': {'module': 'keras.initializers', 'class_name': 'Zeros', 'config': {}, 'registered_name': None}, 'gamma_initializer': {'module': 'keras.initializers', 'class_name': 'Ones', 'config': {}, 'registered_name': None}, 'moving_mean_initializer': {'module': 'keras.initializers', 'class_name': 'Zeros', 'config': {}, 'registered_name': None}, 'moving_variance_initializer': {'module': 'keras.initializers', 'class_name': 'Ones', 'config': {}, 'registered_name': None}, 'beta_regularizer': None, 'gamma_regularizer': None, 'beta_constraint': None, 'gamma_constraint': None, 'synchronized': False}, 'registered_name': None, 'build_config': {'input_shape': [None, 26, 1248]}}, {'module': 'keras.layers', 'class_name': 'Conv1D', 'config': {'name': 'conv1d_1', 'trainable': True, 'dtype': {'module': 'keras', 'class_name': 'DTypePolicy', 'config': {'name': 'float32'}, 'registered_name': None}, 'filters': 576, 'kernel_size': [5], 'strides': [1], 'padding': 'same', 'data_format': 'channels_last', 'dilation_rate': [1], 'groups': 1, 'activation': 'relu', 'use_bias': True, 'kernel_initializer': {'module': 'keras.initializers', 'class_name': 'GlorotUniform', 'config': {'seed': None}, 'registered_name': None}, 'bias_initializer': {'module': 'keras.initializers', 'class_name': 'Zeros', 'config': {}, 'registered_name': None}, 'kernel_regularizer': None, 'bias_regularizer': None, 'activity_regularizer': None, 'kernel_constraint': None, 'bias_constraint': None}, 'registered_name': None, 'build_config': {'input_shape': [None, 26, 1248]}}, {'module': 'keras.layers', 'class_name': 'MaxPooling1D', 'config': {'name': 'max_pooling1d_1', 'trainable': True, 'dtype': {'module': 'keras', 'class_name': 'DTypePolicy', 'config': {'name': 'float32'}, 'registered_name': None}, 'pool_size': [2], 'padding': 'valid', 'strides': [2], 'data_format': 'channels_last'}, 'registered_name': None}, {'module': 'keras.layers', 'class_name': 'BatchNormalization', 'config': {'name': 'batch_normalization_1', 'trainable': True, 'dtype': {'module': 'keras', 'class_name': 'DTypePolicy', 'config': {'name': 'float32'}, 'registered_name': None}, 'axis': -1, 'momentum': 0.99, 'epsilon': 0.001, 'center': True, 'scale': True, 'beta_initializer': {'module': 'keras.initializers', 'class_name': 'Zeros', 'config': {}, 'registered_name': None}, 'gamma_initializer': {'module': 'keras.initializers', 'class_name': 'Ones', 'config': {}, 'registered_name': None}, 'moving_mean_initializer': {'module': 'keras.initializers', 'class_name': 'Zeros', 'config': {}, 'registered_name': None}, 'moving_variance_initializer': {'module': 'keras.initializers', 'class_name': 'Ones', 'config': {}, 'registered_name': None}, 'beta_regularizer': None, 'gamma_regularizer': None, 'beta_constraint': None, 'gamma_constraint': None, 'synchronized': False}, 'registered_name': None, 'build_config': {'input_shape': [None, 13, 576]}}, {'module': 'keras.layers', 'class_name': 'Conv1D', 'config': {'name': 'conv1d_2', 'trainable': True, 'dtype': {'module': 'keras', 'class_name': 'DTypePolicy', 'config': {'name': 'float32'}, 'registered_name': None}, 'filters': 480, 'kernel_size': [7], 'strides': [1], 'padding': 'same', 'data_format': 'channels_last', 'dilation_rate': [1], 'groups': 1, 'activation': 'relu', 'use_bias': True, 'kernel_initializer': {'module': 'keras.initializers', 'class_name': 'GlorotUniform', 'config': {'seed': None}, 'registered_name': None}, 'bias_initializer': {'module': 'keras.initializers', 'class_name': 'Zeros', 'config': {}, 'registered_name': None}, 'kernel_regularizer': None, 'bias_regularizer': None, 'activity_regularizer': None, 'kernel_constraint': None, 'bias_constraint': None}, 'registered_name': None, 'build_config': {'input_shape': [None, 13, 576]}}, {'module': 'keras.layers', 'class_name': 'MaxPooling1D', 'config': {'name': 'max_pooling1d_2', 'trainable': True, 'dtype': {'module': 'keras', 'class_name': 'DTypePolicy', 'config': {'name': 'float32'}, 'registered_name': None}, 'pool_size': [2], 'padding': 'valid', 'strides': [2], 'data_format': 'channels_last'}, 'registered_name': None}, {'module': 'keras.layers', 'class_name': 'BatchNormalization', 'config': {'name': 'batch_normalization_2', 'trainable': True, 'dtype': {'module': 'keras', 'class_name': 'DTypePolicy', 'config': {'name': 'float32'}, 'registered_name': None}, 'axis': -1, 'momentum': 0.99, 'epsilon': 0.001, 'center': True, 'scale': True, 'beta_initializer': {'module': 'keras.initializers', 'class_name': 'Zeros', 'config': {}, 'registered_name': None}, 'gamma_initializer': {'module': 'keras.initializers', 'class_name': 'Ones', 'config': {}, 'registered_name': None}, 'moving_mean_initializer': {'module': 'keras.initializers', 'class_name': 'Zeros', 'config': {}, 'registered_name': None}, 'moving_variance_initializer': {'module': 'keras.initializers', 'class_name': 'Ones', 'config': {}, 'registered_name': None}, 'beta_regularizer': None, 'gamma_regularizer': None, 'beta_constraint': None, 'gamma_constraint': None, 'synchronized': False}, 'registered_name': None, 'build_config': {'input_shape': [None, 6, 480]}}, {'module': 'keras.layers', 'class_name': 'Conv1D', 'config': {'name': 'conv1d_3', 'trainable': True, 'dtype': {'module': 'keras', 'class_name': 'DTypePolicy', 'config': {'name': 'float32'}, 'registered_name': None}, 'filters': 480, 'kernel_size': [7], 'strides': [1], 'padding': 'same', 'data_format': 'channels_last', 'dilation_rate': [1], 'groups': 1, 'activation': 'relu', 'use_bias': True, 'kernel_initializer': {'module': 'keras.initializers', 'class_name': 'GlorotUniform', 'config': {'seed': None}, 'registered_name': None}, 'bias_initializer': {'module': 'keras.initializers', 'class_name': 'Zeros', 'config': {}, 'registered_name': None}, 'kernel_regularizer': None, 'bias_regularizer': None, 'activity_regularizer': None, 'kernel_constraint': None, 'bias_constraint': None}, 'registered_name': None, 'build_config': {'input_shape': [None, 6, 480]}}, {'module': 'keras.layers', 'class_name': 'MaxPooling1D', 'config': {'name': 'max_pooling1d_3', 'trainable': True, 'dtype': {'module': 'keras', 'class_name': 'DTypePolicy', 'config': {'name': 'float32'}, 'registered_name': None}, 'pool_size': [2], 'padding': 'valid', 'strides': [2], 'data_format': 'channels_last'}, 'registered_name': None}, {'module': 'keras.layers', 'class_name': 'BatchNormalization', 'config': {'name': 'batch_normalization_3', 'trainable': True, 'dtype': {'module': 'keras', 'class_name': 'DTypePolicy', 'config': {'name': 'float32'}, 'registered_name': None}, 'axis': -1, 'momentum': 0.99, 'epsilon': 0.001, 'center': True, 'scale': True, 'beta_initializer': {'module': 'keras.initializers', 'class_name': 'Zeros', 'config': {}, 'registered_name': None}, 'gamma_initializer': {'module': 'keras.initializers', 'class_name': 'Ones', 'config': {}, 'registered_name': None}, 'moving_mean_initializer': {'module': 'keras.initializers', 'class_name': 'Zeros', 'config': {}, 'registered_name': None}, 'moving_variance_initializer': {'module': 'keras.initializers', 'class_name': 'Ones', 'config': {}, 'registered_name': None}, 'beta_regularizer': None, 'gamma_regularizer': None, 'beta_constraint': None, 'gamma_constraint': None, 'synchronized': False}, 'registered_name': None, 'build_config': {'input_shape': [None, 3, 480]}}, {'module': 'keras.layers', 'class_name': 'LSTM', 'config': {'name': 'lstm', 'trainable': True, 'dtype': {'module': 'keras', 'class_name': 'DTypePolicy', 'config': {'name': 'float32'}, 'registered_name': None}, 'return_sequences': False, 'return_state': False, 'go_backwards': False, 'stateful': False, 'unroll': False, 'zero_output_for_mask': False, 'units': 224, 'activation': 'tanh', 'recurrent_activation': 'sigmoid', 'use_bias': True, 'kernel_initializer': {'module': 'keras.initializers', 'class_name': 'GlorotUniform', 'config': {'seed': None}, 'registered_name': None, 'shared_object_id': 2282715961440}, 'recurrent_initializer': {'module': 'keras.initializers', 'class_name': 'Orthogonal', 'config': {'seed': None, 'gain': 1.0}, 'registered_name': None, 'shared_object_id': 2282715797392}, 'bias_initializer': {'module': 'keras.initializers', 'class_name': 'Zeros', 'config': {}, 'registered_name': None, 'shared_object_id': 2282719845168}, 'unit_forget_bias': True, 'kernel_regularizer': None, 'recurrent_regularizer': None, 'bias_regularizer': None, 'activity_regularizer': None, 'kernel_constraint': None, 'recurrent_constraint': None, 'bias_constraint': None, 'dropout': 0.0, 'recurrent_dropout': 0.0, 'seed': None}, 'registered_name': None, 'build_config': {'input_shape': [None, 3, 480]}}, {'module': 'keras.layers', 'class_name': 'Dense', 'config': {'name': 'dense', 'trainable': True, 'dtype': {'module': 'keras', 'class_name': 'DTypePolicy', 'config': {'name': 'float32'}, 'registered_name': None}, 'units': 128, 'activation': 'relu', 'use_bias': True, 'kernel_initializer': {'module': 'keras.initializers', 'class_name': 'GlorotUniform', 'config': {'seed': None}, 'registered_name': None}, 'bias_initializer': {'module': 'keras.initializers', 'class_name': 'Zeros', 'config': {}, 'registered_name': None}, 'kernel_regularizer': None, 'bias_regularizer': None, 'kernel_constraint': None, 'bias_constraint': None, 'quantization_config': None}, 'registered_name': None, 'build_config': {'input_shape': [None, 224]}}, {'module': 'keras.layers', 'class_name': 'Dropout', 'config': {'name': 'dropout', 'trainable': True, 'dtype': {'module': 'keras', 'class_name': 'DTypePolicy', 'config': {'name': 'float32'}, 'registered_name': None}, 'rate': 0.30000000000000004, 'seed': None, 'noise_shape': None}, 'registered_name': None}, {'module': 'keras.layers', 'class_name': 'Dense', 'config': {'name': 'dense_1', 'trainable': True, 'dtype': {'module': 'keras', 'class_name': 'DTypePolicy', 'config': {'name': 'float32'}, 'registered_name': None}, 'units': 3, 'activation': 'softmax', 'use_bias': True, 'kernel_initializer': {'module': 'keras.initializers', 'class_name': 'GlorotUniform', 'config': {'seed': None}, 'registered_name': None}, 'bias_initializer': {'module': 'keras.initializers', 'class_name': 'Zeros', 'config': {}, 'registered_name': None}, 'kernel_regularizer': None, 'bias_regularizer': None, 'kernel_constraint': None, 'bias_constraint': None, 'quantization_config': None}, 'registered_name': None, 'build_config': {'input_shape': [None, 128]}}], 'build_input_shape': [None, 52, 1]}, 'registered_name': None, 'build_config': {'input_shape': [None, 52, 1]}, 'compile_config': {'optimizer': {'module': 'keras.optimizers', 'class_name': 'Adam', 'config': {'name': 'adam', 'learning_rate': 9.999999747378752e-05, 'weight_decay': None, 'clipnorm': None, 'global_clipnorm': None, 'clipvalue': None, 'use_ema': False, 'ema_momentum': 0.99, 'ema_overwrite_frequency': None, 'loss_scale_factor': None, 'gradient_accumulation_steps': None, 'beta_1': 0.9, 'beta_2': 0.999, 'epsilon': 1e-07, 'amsgrad': False}, 'registered_name': None}, 'loss': 'categorical_crossentropy', 'loss_weights': None, 'metrics': ['accuracy'], 'weighted_metrics': None, 'run_eagerly': False, 'steps_per_execution': 1, 'jit_compile': False}}.

Exception encountered: <class 'keras.src.layers.core.input_layer.InputLayer'> could not be deserialized properly. Please ensure that components that are Python object instances (layers, models, etc.) returned by `get_config()` are explicitly deserialized in the model's `from_config()` method.

config={'module': 'keras.layers', 'class_name': 'InputLayer', 'config': {'dtype': 'float32', 'sparse': False, 'ragged': False, 'name': 'input_layer'}, 'registered_name': None}.

Exception encountered: Error when deserializing class 'InputLayer' using config={'dtype': 'float32', 'sparse': False, 'ragged': False, 'name': 'input_layer'}.

Exception encountered: You must pass a `shape` argument.
Keras Version: 3.3.3
Keras File: E:\AI_PROJECT\Heart_Murmur_project\myenv\lib\site-packages\keras\__init__.py
